---
source: tests/snippets_tests.rs
input_file: tests/snippets/parser/add.ln
---
Program {
    stmts: [
        Fn(
            FnStmt {
                name: Ident {
                    range: Range {
                        start: 3,
                        end: 6,
                    },
                    text: "add",
                },
                params: [
                    Binding {
                        ident: Ident {
                            range: Range {
                                start: 7,
                                end: 8,
                            },
                            text: "a",
                        },
                        ty: Some(
                            Numb(
                                NumbType {
                                    range: Range {
                                        start: 10,
                                        end: 13,
                                    },
                                    bits: 32,
                                    signed: true,
                                },
                            ),
                        ),
                    },
                    Binding {
                        ident: Ident {
                            range: Range {
                                start: 15,
                                end: 16,
                            },
                            text: "b",
                        },
                        ty: Some(
                            Numb(
                                NumbType {
                                    range: Range {
                                        start: 18,
                                        end: 21,
                                    },
                                    bits: 32,
                                    signed: true,
                                },
                            ),
                        ),
                    },
                ],
                ret_type: Some(
                    Numb(
                        NumbType {
                            range: Range {
                                start: 24,
                                end: 27,
                            },
                            bits: 32,
                            signed: true,
                        },
                    ),
                ),
                body: Block(
                    BlockStmt {
                        stmts: [
                            Expr(
                                Ret(
                                    RetExpr {
                                        value: Some(
                                            Binary(
                                                BinaryExpr {
                                                    left: Ident(
                                                        Ident {
                                                            range: Range {
                                                                start: 41,
                                                                end: 42,
                                                            },
                                                            text: "a",
                                                        },
                                                    ),
                                                    right: Ident(
                                                        Ident {
                                                            range: Range {
                                                                start: 45,
                                                                end: 46,
                                                            },
                                                            text: "b",
                                                        },
                                                    ),
                                                    operator: ADD,
                                                    range: Range {
                                                        start: 43,
                                                        end: 44,
                                                    },
                                                },
                                            ),
                                        ),
                                        range: Range {
                                            start: 34,
                                            end: 40,
                                        },
                                    },
                                ),
                            ),
                        ],
                        range: Range {
                            start: 30,
                            end: 49,
                        },
                    },
                ),
                range: Range {
                    start: 0,
                    end: 2,
                },
            },
        ),
    ],
}
