---
source: tests/snippets_tests.rs
input_file: tests/snippets/parser/fib.ln
---
Program {
    stmts: [
        Fn(
            FnStmt {
                name: Ident {
                    range: Range {
                        start: 3,
                        end: 6,
                    },
                    text: "fib",
                },
                params: [
                    Binding {
                        ident: Ident {
                            range: Range {
                                start: 7,
                                end: 8,
                            },
                            text: "n",
                        },
                        ty: Some(
                            Numb(
                                NumbType {
                                    range: Range {
                                        start: 10,
                                        end: 13,
                                    },
                                    bits: 32,
                                    signed: true,
                                },
                            ),
                        ),
                    },
                ],
                ret_type: Some(
                    Numb(
                        NumbType {
                            range: Range {
                                start: 16,
                                end: 19,
                            },
                            bits: 32,
                            signed: true,
                        },
                    ),
                ),
                body: Block(
                    BlockStmt {
                        stmts: [
                            Expr(
                                If(
                                    IfExpr {
                                        cond: Binary(
                                            BinaryExpr {
                                                left: Ident(
                                                    Ident {
                                                        range: Range {
                                                            start: 30,
                                                            end: 31,
                                                        },
                                                        text: "n",
                                                    },
                                                ),
                                                right: Literal(
                                                    Num(
                                                        NumLiteral {
                                                            range: Range {
                                                                start: 35,
                                                                end: 36,
                                                            },
                                                            text: "1",
                                                            base: 10,
                                                            as_dot: false,
                                                        },
                                                    ),
                                                ),
                                                operator: LE,
                                                range: Range {
                                                    start: 32,
                                                    end: 34,
                                                },
                                            },
                                        ),
                                        then: Block(
                                            BlockStmt {
                                                stmts: [
                                                    Expr(
                                                        Ret(
                                                            RetExpr {
                                                                value: Some(
                                                                    Ident(
                                                                        Ident {
                                                                            range: Range {
                                                                                start: 51,
                                                                                end: 52,
                                                                            },
                                                                            text: "n",
                                                                        },
                                                                    ),
                                                                ),
                                                                range: Range {
                                                                    start: 44,
                                                                    end: 50,
                                                                },
                                                            },
                                                        ),
                                                    ),
                                                ],
                                                range: Range {
                                                    start: 38,
                                                    end: 57,
                                                },
                                            },
                                        ),
                                        otherwise: None,
                                        range: Range {
                                            start: 26,
                                            end: 28,
                                        },
                                    },
                                ),
                            ),
                            Expr(
                                Ret(
                                    RetExpr {
                                        value: Some(
                                            Binary(
                                                BinaryExpr {
                                                    left: Call(
                                                        CallExpr {
                                                            callee: Ident(
                                                                Ident {
                                                                    range: Range {
                                                                        start: 67,
                                                                        end: 70,
                                                                    },
                                                                    text: "fib",
                                                                },
                                                            ),
                                                            args: [
                                                                Binary(
                                                                    BinaryExpr {
                                                                        left: Ident(
                                                                            Ident {
                                                                                range: Range {
                                                                                    start: 71,
                                                                                    end: 72,
                                                                                },
                                                                                text: "n",
                                                                            },
                                                                        ),
                                                                        right: Literal(
                                                                            Num(
                                                                                NumLiteral {
                                                                                    range: Range {
                                                                                        start: 75,
                                                                                        end: 76,
                                                                                    },
                                                                                    text: "1",
                                                                                    base: 10,
                                                                                    as_dot: false,
                                                                                },
                                                                            ),
                                                                        ),
                                                                        operator: SUB,
                                                                        range: Range {
                                                                            start: 73,
                                                                            end: 74,
                                                                        },
                                                                    },
                                                                ),
                                                            ],
                                                            range: Range {
                                                                start: 70,
                                                                end: 77,
                                                            },
                                                        },
                                                    ),
                                                    right: Call(
                                                        CallExpr {
                                                            callee: Ident(
                                                                Ident {
                                                                    range: Range {
                                                                        start: 80,
                                                                        end: 83,
                                                                    },
                                                                    text: "fib",
                                                                },
                                                            ),
                                                            args: [
                                                                Binary(
                                                                    BinaryExpr {
                                                                        left: Ident(
                                                                            Ident {
                                                                                range: Range {
                                                                                    start: 84,
                                                                                    end: 85,
                                                                                },
                                                                                text: "n",
                                                                            },
                                                                        ),
                                                                        right: Literal(
                                                                            Num(
                                                                                NumLiteral {
                                                                                    range: Range {
                                                                                        start: 88,
                                                                                        end: 89,
                                                                                    },
                                                                                    text: "2",
                                                                                    base: 10,
                                                                                    as_dot: false,
                                                                                },
                                                                            ),
                                                                        ),
                                                                        operator: SUB,
                                                                        range: Range {
                                                                            start: 86,
                                                                            end: 87,
                                                                        },
                                                                    },
                                                                ),
                                                            ],
                                                            range: Range {
                                                                start: 83,
                                                                end: 90,
                                                            },
                                                        },
                                                    ),
                                                    operator: ADD,
                                                    range: Range {
                                                        start: 78,
                                                        end: 79,
                                                    },
                                                },
                                            ),
                                        ),
                                        range: Range {
                                            start: 60,
                                            end: 66,
                                        },
                                    },
                                ),
                            ),
                        ],
                        range: Range {
                            start: 22,
                            end: 93,
                        },
                    },
                ),
                range: Range {
                    start: 0,
                    end: 2,
                },
            },
        ),
    ],
}
